[debug] [2026-08-16T19:47:45.764Z] ----------------------------------------------------------------------
[debug] [2026-08-16T19:47:45.771Z] Command:       /home/druscilla/.nvm/versions/node/v18.20.8/bin/node /home/druscilla/.nvm/versions/node/v18.20.8/bin/firebase deploy --only firestore:rules
[debug] [2026-08-16T19:47:45.773Z] CLI Version:   13.35.1
[debug] [2026-08-16T19:47:45.774Z] Platform:      linux
[debug] [2026-08-16T19:47:45.774Z] Node Version:  v18.20.8
[debug] [2026-08-16T19:47:45.775Z] Time:          Sun Aug 16 2026 22:47:45 GMT+0300 (East Africa Time)
[debug] [2026-08-16T19:47:45.776Z] ----------------------------------------------------------------------
[debug] 
[debug] [2026-08-16T19:47:46.689Z] > command requires scopes: ["email","openid","https://www.googleapis.com/auth/cloudplatformprojects.readonly","https://www.googleapis.com/auth/firebase","https://www.googleapis.com/auth/cloud-platform"]
[debug] [2026-08-16T19:47:46.692Z] > authorizing via signed-in user (2300810706@std.kyu.ac.ug)
[debug] [2026-08-16T19:47:46.692Z] [iam] checking project itrush-9a273 for permissions ["datastore.indexes.create","datastore.indexes.delete","datastore.indexes.list","datastore.indexes.update","firebase.projects.get"]
[debug] [2026-08-16T19:47:46.696Z] Checked if tokens are valid: true, expires at: 1786912189704
[debug] [2026-08-16T19:47:46.697Z] Checked if tokens are valid: true, expires at: 1786912189704
[debug] [2026-08-16T19:47:46.701Z] >>> [apiv2][query] POST https://cloudresourcemanager.googleapis.com/v1/projects/itrush-9a273:testIamPermissions [none]
[debug] [2026-08-16T19:47:46.702Z] >>> [apiv2][(partial)header] POST https://cloudresourcemanager.googleapis.com/v1/projects/itrush-9a273:testIamPermissions x-goog-quota-user=projects/itrush-9a273
[debug] [2026-08-16T19:47:46.702Z] >>> [apiv2][body] POST https://cloudresourcemanager.googleapis.com/v1/projects/itrush-9a273:testIamPermissions {"permissions":["datastore.indexes.create","datastore.indexes.delete","datastore.indexes.list","datastore.indexes.update","firebase.projects.get"]}
[debug] [2026-08-16T19:47:53.699Z] <<< [apiv2][status] POST https://cloudresourcemanager.googleapis.com/v1/projects/itrush-9a273:testIamPermissions 200
[debug] [2026-08-16T19:47:53.700Z] <<< [apiv2][body] POST https://cloudresourcemanager.googleapis.com/v1/projects/itrush-9a273:testIamPermissions {"permissions":["datastore.indexes.create","datastore.indexes.delete","datastore.indexes.list","datastore.indexes.update","firebase.projects.get"]}
[info] 
[info] === Deploying to 'itrush-9a273'...
[info] 
[info] i  deploying firestore 
[info] i  firestore: reading indexes from firestore.indexes.json... 
[info] i  cloud.firestore: checking firestore.rules for compilation errors... 
[debug] [2026-08-16T19:47:53.727Z] Checked if tokens are valid: true, expires at: 1786912189704
[debug] [2026-08-16T19:47:53.728Z] Checked if tokens are valid: true, expires at: 1786912189704
[debug] [2026-08-16T19:47:53.729Z] >>> [apiv2][query] POST https://firebaserules.googleapis.com/v1/projects/itrush-9a273:test [none]
[debug] [2026-08-16T19:47:53.730Z] >>> [apiv2][body] POST https://firebaserules.googleapis.com/v1/projects/itrush-9a273:test [omitted]
[debug] [2026-08-16T19:48:00.116Z] <<< [apiv2][status] POST https://firebaserules.googleapis.com/v1/projects/itrush-9a273:test 200
[debug] [2026-08-16T19:48:00.117Z] <<< [apiv2][body] POST https://firebaserules.googleapis.com/v1/projects/itrush-9a273:test {}
[info] ✔  cloud.firestore: rules file firestore.rules compiled successfully 
[debug] [2026-08-16T19:48:00.124Z] Checked if tokens are valid: true, expires at: 1786912189704
[debug] [2026-08-16T19:48:00.125Z] Checked if tokens are valid: true, expires at: 1786912189704
[debug] [2026-08-16T19:48:00.130Z] >>> [apiv2][query] GET https://firebaserules.googleapis.com/v1/projects/itrush-9a273/releases pageSize=10&pageToken=
[debug] [2026-08-16T19:48:01.444Z] <<< [apiv2][status] GET https://firebaserules.googleapis.com/v1/projects/itrush-9a273/releases 200
[debug] [2026-08-16T19:48:01.444Z] <<< [apiv2][body] GET https://firebaserules.googleapis.com/v1/projects/itrush-9a273/releases {"releases":[{"name":"projects/itrush-9a273/releases/cloud.firestore","rulesetName":"projects/itrush-9a273/rulesets/255ec41e-ff83-4da4-83e8-6dd6b857810d","createTime":"2026-08-12T11:37:41.713864Z","updateTime":"2026-08-16T19:30:25.298134Z"}]}
[debug] [2026-08-16T19:48:01.446Z] Checked if tokens are valid: true, expires at: 1786912189704
[debug] [2026-08-16T19:48:01.446Z] Checked if tokens are valid: true, expires at: 1786912189704
[debug] [2026-08-16T19:48:01.447Z] >>> [apiv2][query] GET https://firebaserules.googleapis.com/v1/projects/itrush-9a273/rulesets/255ec41e-ff83-4da4-83e8-6dd6b857810d [none]
[debug] [2026-08-16T19:48:02.469Z] <<< [apiv2][status] GET https://firebaserules.googleapis.com/v1/projects/itrush-9a273/rulesets/255ec41e-ff83-4da4-83e8-6dd6b857810d 200
[debug] [2026-08-16T19:48:02.470Z] <<< [apiv2][body] GET https://firebaserules.googleapis.com/v1/projects/itrush-9a273/rulesets/255ec41e-ff83-4da4-83e8-6dd6b857810d [omitted]
[info] i  firestore: uploading rules firestore.rules... 
[debug] [2026-08-16T19:48:02.476Z] Checked if tokens are valid: true, expires at: 1786912189704
[debug] [2026-08-16T19:48:02.476Z] Checked if tokens are valid: true, expires at: 1786912189704
[debug] [2026-08-16T19:48:02.477Z] >>> [apiv2][query] POST https://firebaserules.googleapis.com/v1/projects/itrush-9a273/rulesets [none]
[debug] [2026-08-16T19:48:02.477Z] >>> [apiv2][body] POST https://firebaserules.googleapis.com/v1/projects/itrush-9a273/rulesets [omitted]
[debug] [2026-08-16T19:48:03.525Z] <<< [apiv2][status] POST https://firebaserules.googleapis.com/v1/projects/itrush-9a273/rulesets 200
[debug] [2026-08-16T19:48:03.527Z] <<< [apiv2][body] POST https://firebaserules.googleapis.com/v1/projects/itrush-9a273/rulesets {"name":"projects/itrush-9a273/rulesets/a6ca6e7a-1aa5-4942-a6d2-70f66c943522","source":{"files":[{"content":"rules_version = '2';\n\n// ============================================================================\n// iTRUSH / CleanGKMA — Firestore Security Rules\n// ----------------------------------------------------------------------------\n// Roles (stored on each user's own /users/{uid} document, field `role`):\n//   - resident        : books collections, pays, files overflow reports\n//   - collector        : sees assigned jobs, confirms + completes them.\n//                        Requires `status == 'approved'` before any job\n//                        access is granted (see collector approval workflow\n//                        below).\n//   - kcca_officer     : oversight; reads everything, assigns collectors.\n//                        Requires `status == 'approved'` before any KCCA-only\n//                        access is granted (see account approval workflow\n//                        below). A kcca_officer doc may also carry\n//                        `isSuperAdmin: true`, which lets that user review\n//                        (approve/reject) other pending KCCA accounts.\n//\n// KCCA account approval workflow:\n//   * On signup, a kcca_officer doc is created with status: 'pending' and\n//     isSuperAdmin: false — enforced below, not just by the client.\n//   * A user can NEVER change their own `status` or `isSuperAdmin` field\n//     (self-approval / self-escalation is blocked at the rules layer).\n//   * Only an existing super-admin can flip another kcca_officer's `status`\n//     to 'approved' or 'rejected' (and only those fields — see the\n//     `hasOnly` check below).\n//   * isKcca() (used everywhere else in these rules) requires\n//     status == 'approved', so a pending/rejected KCCA account cannot read\n//     or write KCCA-only data even if they call Firestore directly,\n//     regardless of what the app's UI does.\n//   * Bootstrapping the very first super-admin cannot happen through the\n//     app (by design — no one should be able to grant it to themselves).\n//     Sign up a normal KCCA account, then in the Firebase Console go to\n//     Firestore → users/{uid} and manually set `isSuperAdmin: true` and\n//     `status: 'approved'`. From then on that account can approve others\n//     from the dashboard.\n//\n// Collector approval workflow:\n//   * On signup, a collector doc is created with status: 'pending' —\n//     enforced below, not just by the client.\n//   * A collector can never self-approve (same self-escalation guard as\n//     KCCA accounts, above).\n//   * Any APPROVED KCCA officer (not just a super-admin) may approve/reject\n//     a pending collector — again, only the status/reviewedAt/reviewedBy\n//     fields, nothing else on that profile.\n//   * isApprovedCollector() requires status == 'approved', so a pending or\n//     rejected collector cannot read or update a collection_requests doc\n//     even if collectorUid happens to point at them.\n//\n// Design notes:\n//   * Firestore rules cannot filter a query's results — they only allow or\n//     deny a read. The app's queries already scope reads with the correct\n//     `where` clauses (e.g. residents query residentUid == their uid), so the\n//     rules below grant exactly the access those queries need and no more.\n//   * We look up the caller's role from their own /users doc with get().\n// ============================================================================\n\nservice cloud.firestore {\n  match /databases/{database}/documents {\n\n    // ---- helpers ----------------------------------------------------------\n    function signedIn() {\n      return request.auth != null;\n    }\n\n    function myData() {\n      // Reads the caller's own user document.\n      return get(/databases/$(database)/documents/users/$(request.auth.uid)).data;\n    }\n\n    function myRole() {\n      return myData().role;\n    }\n\n    function isRole(role) {\n      return signedIn() && myRole() == role;\n    }\n\n    function isSuperAdmin() {\n      return signedIn() && myData().role == 'kcca_officer' && myData().isSuperAdmin == true;\n    }\n\n    function isKcca() {\n      // Approved KCCA officers only — a pending or rejected account must\n      // not get KCCA-level access just because role == 'kcca_officer'.\n      return signedIn() && myData().role == 'kcca_officer' && myData().status == 'approved';\n    }\n\n    function isApprovedCollector() {\n      // Approved collectors only — a pending or rejected collector must not\n      // be able to read or act on a job even if collectorUid points to them.\n      return signedIn() && myData().role == 'collector' && myData().status == 'approved';\n    }\n\n    // ---- users ------------------------------------------------------------\n    // A user can read & write ONLY their own profile.\n    // KCCA (approved) may read any user profile (needed for the collectors\n    // listing and to resolve collector names on the admin dashboard).\n    match /users/{userId} {\n      allow read: if signedIn() && (request.auth.uid == userId || isKcca());\n\n      // A new account may never create itself as already-approved/super-admin.\n      // KCCA and collector signups must start out pending; residents are\n      // unaffected (they have no status field at all).\n      // IMPORTANT: use .get('isSuperAdmin', false) here, not direct dot\n      // access — resident and collector signups never set this field, and\n      // direct dot-access on a missing map key throws in Firestore Rules\n      // (unlike plain JS), which was silently denying every resident and\n      // collector signup with \"missing or insufficient permissions.\"\n      allow create: if signedIn() && request.auth.uid == userId\n                    && request.resource.data.get('isSuperAdmin', false) != true\n                    && (request.resource.data.role != 'kcca_officer'\n                        || request.resource.data.status == 'pending')\n                    && (request.resource.data.role != 'collector'\n                        || request.resource.data.status == 'pending');\n\n      // A user may update their own profile, but never their own role,\n      // status, or isSuperAdmin flag — that would be self-escalation.\n      // .get(field, default) is used because resident/collector docs never\n      // had a status/isSuperAdmin field to begin with.\n      allow update: if signedIn() && request.auth.uid == userId\n                    && request.resource.data.get('role', null) == resource.data.get('role', null)\n                    && request.resource.data.get('status', null) == resource.data.get('status', null)\n                    && request.resource.data.get('isSuperAdmin', null) == resource.data.get('isSuperAdmin', null);\n\n      // A super-admin may approve/reject a pending KCCA account — but ONLY\n      // by touching the review fields, nothing else on that person's profile.\n      allow update: if isSuperAdmin()\n                    && resource.data.role == 'kcca_officer'\n                    && request.resource.data.diff(resource.data).affectedKeys()\n                         .hasOnly(['status', 'reviewedAt', 'reviewedBy']);\n\n      // Any approved KCCA officer may approve/reject a pending collector —\n      // again, only the review fields, nothing else on that profile.\n      allow update: if isKcca()\n                    && resource.data.role == 'collector'\n                    && request.resource.data.diff(resource.data).affectedKeys()\n                         .hasOnly(['status', 'reviewedAt', 'reviewedBy']);\n\n      allow delete: if signedIn() && request.auth.uid == userId;\n    }\n\n    // ---- collection_requests ---------------------------------------------\n    // Residents: create their own, read their own, update their own\n    //            (e.g. mark paid). Cannot touch other residents' requests.\n    // Collectors: read/update requests assigned to them (confirm, complete).\n    // KCCA: full read; update to assign a collector. No hard delete.\n    match /collection_requests/{requestId} {\n      // collectorUid is absent on a request until KCCA assigns it, so we use\n      // .get('collectorUid', null) rather than direct dot-access — the same\n      // class of bug as the isSuperAdmin fix above.\n      allow read: if signedIn() && (\n        isKcca() ||\n        resource.data.residentUid == request.auth.uid ||\n        (resource.data.get('collectorUid', null) == request.auth.uid && isApprovedCollector())\n      );\n\n      allow create: if isRole('resident')\n                    && request.resource.data.residentUid == request.auth.uid;\n\n      allow update: if signedIn() && (\n        isKcca() ||\n        resource.data.residentUid == request.auth.uid ||\n        (resource.data.get('collectorUid', null) == request.auth.uid && isApprovedCollector())\n      );\n\n      allow delete: if isKcca();\n    }\n\n    // ---- overflow_reports -------------------------------------------------\n    // Residents file reports (reporterUid must be themselves) and can read\n    // their own. KCCA reads all reports and updates their status (resolve).\n    match /overflow_reports/{reportId} {\n      allow read: if signedIn() && (\n        isKcca() ||\n        resource.data.reporterUid == request.auth.uid\n      );\n\n      allow create: if isRole('resident')\n                    && request.resource.data.reporterUid == request.auth.uid;\n\n      allow update: if isKcca();\n      allow delete: if isKcca();\n    }\n\n    // ---- notifications ----------------------------------------------------\n    // A signed-in user may create notifications (the app writes both\n    // user-targeted and role-targeted messages, including account\n    // approval/rejection notices sent by a super-admin). A user may read\n    // messages addressed to them by uid; KCCA may read messages addressed\n    // to their role. Marking a notification read is an update to its own doc.\n    match /notifications/{notificationId} {\n      allow create: if signedIn();\n\n      // Every notification sets either toUid or toRole, never both — so\n      // both are read with .get(field, null) rather than direct dot-access,\n      // the same class of bug as the isSuperAdmin fix above.\n      allow read, update: if signedIn() && (\n        resource.data.get('toUid', null) == request.auth.uid ||\n        (resource.data.get('toRole', null) == 'kcca_officer' && isKcca())\n      );\n\n      allow delete: if signedIn() && resource.data.get('toUid', null) == request.auth.uid;\n    }\n  }\n}\n","name":"firestore.rules"}]},"createTime":"2026-08-16T19:48:03.308495Z","metadata":{"services":["cloud.firestore"]}}
[debug] [2026-08-16T19:48:03.528Z] [rules] created ruleset projects/itrush-9a273/rulesets/a6ca6e7a-1aa5-4942-a6d2-70f66c943522
[debug] [2026-08-16T19:48:03.535Z] [rules] releasing cloud.firestore/(default) with ruleset projects/itrush-9a273/rulesets/a6ca6e7a-1aa5-4942-a6d2-70f66c943522
[debug] [2026-08-16T19:48:03.550Z] Checked if tokens are valid: true, expires at: 1786912189704
[debug] [2026-08-16T19:48:03.553Z] Checked if tokens are valid: true, expires at: 1786912189704
[debug] [2026-08-16T19:48:03.554Z] >>> [apiv2][query] PATCH https://firebaserules.googleapis.com/v1/projects/itrush-9a273/releases/cloud.firestore/(default) [none]
[debug] [2026-08-16T19:48:03.554Z] >>> [apiv2][body] PATCH https://firebaserules.googleapis.com/v1/projects/itrush-9a273/releases/cloud.firestore/(default) {"release":{"name":"projects/itrush-9a273/releases/cloud.firestore/(default)","rulesetName":"projects/itrush-9a273/rulesets/a6ca6e7a-1aa5-4942-a6d2-70f66c943522"}}
[debug] [2026-08-16T19:48:04.718Z] <<< [apiv2][status] PATCH https://firebaserules.googleapis.com/v1/projects/itrush-9a273/releases/cloud.firestore/(default) 200
[debug] [2026-08-16T19:48:04.719Z] <<< [apiv2][body] PATCH https://firebaserules.googleapis.com/v1/projects/itrush-9a273/releases/cloud.firestore/(default) {"name":"projects/itrush-9a273/releases/cloud.firestore","rulesetName":"projects/itrush-9a273/rulesets/a6ca6e7a-1aa5-4942-a6d2-70f66c943522","createTime":"2026-08-12T11:37:41.713864Z","updateTime":"2026-08-16T19:48:04.503742Z"}
[debug] [2026-08-16T19:48:04.719Z] [rules] updated release projects/itrush-9a273/releases/cloud.firestore
[info] ✔  firestore: released rules firestore.rules to cloud.firestore 
[info] 
[info] ✔  Deploy complete! 
[info] 
[info] Project Console: https://console.firebase.google.com/project/itrush-9a273/overview
[debug] [2026-08-16T19:48:20.363Z] Error: Timed out.
    at Timeout._onTimeout (/home/druscilla/.nvm/versions/node/v18.20.8/lib/node_modules/firebase-tools/lib/utils.js:269:49)
    at listOnTimeout (node:internal/timers:569:17)
    at process.processTimers (node:internal/timers:512:7)
[error] 
[error] Error: An unexpected error has occurred.
